%!Adobe-FontList 1.19
%Locale:0x409

%BeginFont
Handler:DirectoryHandler
FontType:Type1
FontName:VAGRoundedStd-Bold
FamilyName:VAG Rounded Std
StyleName:Bold
MenuName:VAG Rounded Std Thin
StyleBits:2
WeightClass:700
WidthClass:5
AngleClass:0
FullName:VAG Rounded Std Bold
WritingScript:Roman
OutlineFileName:\VAGRoundedStd-Bold.otf
DataFormat:sfntData
UsesStandardEncoding:yes
isCFF:yes
hasSVG:no
VariableFontType:NonVariableFont
FileLength:30476
FileModTime:1308673686
DesignSize:180
NameArray:0,Mac,4,VAG Rounded Std Bold
NameArray:0,Win,1,VAG Rounded Std Thin
NameArray:0,Win,16,VAG Rounded Std
%EndFont

%BeginFont
Handler:DirectoryHandler
FontType:Type1
FontName:VAGRoundedStd-Thin
FamilyName:VAG Rounded Std
StyleName:Thin
MenuName:VAG Rounded Std Thin
StyleBits:0
WeightClass:250
WidthClass:5
AngleClass:0
FullName:VAG Rounded Std Thin
WritingScript:Roman
OutlineFileName:\VAGRoundedStd-Thin.otf
DataFormat:sfntData
UsesStandardEncoding:yes
isCFF:yes
hasSVG:no
VariableFontType:NonVariableFont
FileLength:29396
FileModTime:1308673686
DesignSize:180
NameArray:0,Mac,4,VAG Rounded Std Thin
NameArray:0,Win,1,VAG Rounded Std Thin
NameArray:0,Win,16,VAG Rounded Std
%EndFont

%BeginFont
Handler:DirectoryHandler
FontType:Type1
FontName:VAGRoundedStd-Light
FamilyName:VAG Rounded Std
StyleName:Light
MenuName:VAG Rounded Std Light
StyleBits:0
WeightClass:300
WidthClass:5
AngleClass:0
FullName:VAG Rounded Std Light
WritingScript:Roman
OutlineFileName:\VAGRoundedStd-Light.otf
DataFormat:sfntData
UsesStandardEncoding:yes
isCFF:yes
hasSVG:no
VariableFontType:NonVariableFont
FileLength:29308
FileModTime:1308673686
DesignSize:180
NameArray:0,Mac,4,VAG Rounded Std Light
NameArray:0,Win,1,VAG Rounded Std Light
NameArray:0,Win,16,VAG Rounded Std
%EndFont

%BeginFont
Handler:DirectoryHandler
FontType:Type1
FontName:MinionPro-Regular
FamilyName:Minion Pro
StyleName:Regular
MenuName:Minion Pro
StyleBits:0
WeightClass:400
WidthClass:5
AngleClass:0
FullName:Minion Pro
WritingScript:Roman
OutlineFileName:\MinionPro-Regular.otf
DataFormat:sfntData
UsesStandardEncoding:yes
isCFF:yes
hasSVG:no
VariableFontType:NonVariableFont
FileLength:217280
FileModTime:1404214767
DesignSize:110
NameArray:0,Mac,4,Minion Pro
NameArray:0,Win,1,Minion Pro
%EndFont

%BeginFont
Handler:DirectoryHandler
FontType:TrueType
FontName:Helvetica
FamilyName:Helvetica
StyleName:Regular
MenuName:Helvetica
StyleBits:0
WeightClass:400
WidthClass:5
AngleClass:0
FullName:Helvetica
WritingScript:Roman
OutlineFileName:\Helvetica.ttc
TTCOffset:48
DataFormat:sfntData
hasSVG:no
VariableFontType:NonVariableFont
FileLength:2319952
FileModTime:1510101168
NameArray:0,Mac,18,Helvetica
NameArray:0,Mac,4,Helvetica
%EndFont

%BeginFont
Handler:DirectoryHandler
FontType:TrueType
FontName:Helvetica-Bold
FamilyName:Helvetica
StyleName:Bold
MenuName:Helvetica
StyleBits:2
WeightClass:700
WidthClass:5
AngleClass:0
FullName:Helvetica Bold
WritingScript:Roman
OutlineFileName:\Helvetica.ttc
TTCOffset:380
DataFormat:sfntData
hasSVG:no
VariableFontType:NonVariableFont
FileLength:2319952
FileModTime:1510101168
NameArray:0,Mac,4,Helvetica Bold
NameArray:0,Mac,4,Helvetica lihava
NameArray:0,Mac,4,Helvetica Gras
NameArray:0,Mac,4,Helvetica Fett
NameArray:0,Mac,4,Helvetica grassetto
NameArray:0,Mac,4,Helvetica vet
NameArray:0,Mac,4,Helvetica Fet
NameArray:0,Mac,4,Helvetica Negrita
NameArray:0,Mac,4,Helvetica Carregado
NameArray:0,Mac,4,Helvetica Halvfet
NameArray:0,Mac,18,Helvetica Bold
NameArray:4,Mac,4,Helvetica‭ ‬أسود
NameArray:4,Mac,4,Helvetica‭ ‬برجسته
NameArray:5,Mac,4,Helvetica‭ ‬עבה
%EndFont

%BeginFont
Handler:DirectoryHandler
FontType:TrueType
FontName:Helvetica-Oblique
FamilyName:Helvetica
StyleName:Oblique
MenuName:Helvetica
StyleBits:1
WeightClass:400
WidthClass:5
AngleClass:1
FullName:Helvetica Oblique
WritingScript:Roman
OutlineFileName:\Helvetica.ttc
TTCOffset:712
DataFormat:sfntData
hasSVG:no
VariableFontType:NonVariableFont
FileLength:2319952
FileModTime:1510101168
NameArray:0,Mac,18,Helvetica Oblique
NameArray:0,Mac,4,Helvetica Oblique
%EndFont

%BeginFont
Handler:DirectoryHandler
FontType:TrueType
FontName:Helvetica-BoldOblique
FamilyName:Helvetica
StyleName:Bold Oblique
MenuName:Helvetica
StyleBits:3
WeightClass:700
WidthClass:5
AngleClass:1
FullName:Helvetica Bold Oblique
WritingScript:Roman
OutlineFileName:\Helvetica.ttc
TTCOffset:1044
DataFormat:sfntData
hasSVG:no
VariableFontType:NonVariableFont
FileLength:2319952
FileModTime:1510101168
NameArray:0,Mac,18,Helvetica Bold Oblique
NameArray:0,Mac,4,Helvetica Bold Oblique
%EndFont

%BeginFont
Handler:DirectoryHandler
FontType:TrueType
FontName:Helvetica-Light
FamilyName:Helvetica
StyleName:Light
MenuName:Helvetica
StyleBits:0
WeightClass:300
WidthClass:5
AngleClass:0
FullName:Helvetica Light
WritingScript:Roman
OutlineFileName:\Helvetica.ttc
TTCOffset:1376
DataFormat:sfntData
hasSVG:no
VariableFontType:NonVariableFont
FileLength:2319952
FileModTime:1510101168
NameArray:0,Mac,18,Helvetica Light
NameArray:0,Mac,4,Helvetica Light
%EndFont

%BeginFont
Handler:DirectoryHandler
FontType:TrueType
FontName:Helvetica-LightOblique
FamilyName:Helvetica
StyleName:Light Oblique
MenuName:Helvetica
StyleBits:1
WeightClass:300
WidthClass:5
AngleClass:1
FullName:Helvetica Light Oblique
WritingScript:Roman
OutlineFileName:\Helvetica.ttc
TTCOffset:1676
DataFormat:sfntData
hasSVG:no
VariableFontType:NonVariableFont
FileLength:2319952
FileModTime:1510101168
NameArray:0,Mac,18,Helvetica Light Oblique
NameArray:0,Mac,4,Helvetica Light Oblique
%EndFont

